Source Code Management :-
**********************

Version = 2.32.11.222

222 - Hotfix
11 - Minor Release
32 - Major Release (New Feature) 
2 - Facelift Application (Upgrade and Migration)

git --version (Checks version of git)
apt-get install git (Installs git)
git init (Initialize git)
ls -la (shows hidden folder to check git)

Test:-
****

Make Change -> Add Change -> Commit the change

root@AZ-VM001:~# mkdir amanproject
root@AZ-VM001:~# cd amanproject
root@AZ-VM001:~/amanproject# git init
Initialized empty Git repository in /root/amanproject/.git/
root@AZ-VM001:~/amanproject# touch welcome.html
root@AZ-VM001:~/amanproject# git status
root@AZ-VM001:~/amanproject# git add welcome.html
root@AZ-VM001:~/amanproject# git status
root@AZ-VM001:~/amanproject# git commit -m "first commit "
root@AZ-VM001:~/amanproject# git log
commit ce3d4a844fac82a3f179041433b157bb57493031 (HEAD -> master)
Author: root <root@AZ-VM001.52nry22fsdredfyahyashiwbfh.bx.internal.cloudapp.net>
Date:   Thu Jul 8 04:08:23 2021 +0000

    first commit

Configure Git Repositories :-
*************************

root@AZ-VM001:~/amanproject# git config --global user.name amana-ankit
root@AZ-VM001:~/amanproject# git config --global user.email amanankit2021@outlook.com

push an existing repository from the command line:-

git remote add origin https://github.com/amana-nkit/Source-code-management.git
git branch -M main
git push -u origin main

git reset --hard ce3d4a844fac82a3f179041433b157bb57493031 (To go back to previous code base)

Configure autocorrect in git:-

root@AZ-VM001:~/amanproject# git config --global help.autocorrect 1
root@AZ-VM001:~/amanproject# git config --global core.editor "vim"

git rm --cached welcome.html (Doesn't track the html file)
git ignore welcome1.html (Ignore new contents in git)
git tag -a v1.16 -m "this is july release" (tag the commit)
git show (Shows all details of commit)
git tag -a v1.17 -m "this is july release" ce3d4a844fac82a3f179041433b157bb57493031 (Tag to assign commit ID's)
git diff (To see difference between two commits)
git reset (Reset the changes)
git revert (Revert the changes keeping old commit)
git stash (Temproarily moving changes)

Clone github:-
************
root@AZ-VM001:~/amanproject# git clone https://github.com/amana-nkit/Source-code-management
Cloning into 'Source-code-management'...
remote: Enumerating objects: 20, done.
remote: Counting objects: 100% (20/20), done.
remote: Compressing objects: 100% (9/9), done.
remote: Total 20 (delta 3), reused 0 (delta 0), pack-reused 0
Unpacking objects: 100% (20/20), 4.11 KiB | 1.37 MiB/s, done.
root@AZ-VM001:~/amanproject# ls
Source-code-management  app.js  app.py  result.java  welcome.html
